Analysis & Synthesis report for lab1_ALU
Fri Sep 11 12:35:26 2026
Quartus Prime Version 25.1std.0 Build 1129 10/21/2025 SC Standard Edition


---------------------
; Table of Contents ;
---------------------
  1. Legal Notice
  2. Analysis & Synthesis Summary
  3. Analysis & Synthesis Settings
  4. Parallel Compilation
  5. Analysis & Synthesis Source Files Read
  6. Analysis & Synthesis Resource Usage Summary
  7. Analysis & Synthesis Resource Utilization by Entity
  8. General Register Statistics
  9. Multiplexer Restructuring Statistics (Restructuring Performed)
 10. Port Connectivity Checks: "alu:ALU"
 11. Post-Synthesis Netlist Statistics for Top Partition
 12. Elapsed Time Per Partition
 13. Analysis & Synthesis Messages



----------------
; Legal Notice ;
----------------
Copyright (C) 2025  Altera Corporation. All rights reserved.
Your use of Altera Corporation's design tools, logic functions 
and other software and tools, and any partner logic 
functions, and any output files from any of the foregoing 
(including device programming or simulation files), and any 
associated documentation or information are expressly subject 
to the terms and conditions of the Altera Program License 
Subscription Agreement, the Altera Quartus Prime License Agreement,
the Altera IP License Agreement, or other applicable license
agreement, including, without limitation, that your use is for
the sole purpose of programming logic devices manufactured by
Altera and sold by Altera or its authorized distributors.  Please
refer to the Altera Software License Subscription Agreements 
on the Quartus Prime software download page.



+---------------------------------------------------------------------------------------+
; Analysis & Synthesis Summary                                                          ;
+---------------------------------+-----------------------------------------------------+
; Analysis & Synthesis Status     ; Successful - Fri Sep 11 12:35:26 2026               ;
; Quartus Prime Version           ; 25.1std.0 Build 1129 10/21/2025 SC Standard Edition ;
; Revision Name                   ; lab1_ALU                                            ;
; Top-level Entity Name           ; top                                                 ;
; Family                          ; Cyclone V                                           ;
; Logic utilization (in ALMs)     ; N/A                                                 ;
; Total registers                 ; 40                                                  ;
; Total pins                      ; 57                                                  ;
; Total virtual pins              ; 0                                                   ;
; Total block memory bits         ; 0                                                   ;
; Total DSP Blocks                ; 0                                                   ;
; Total HSSI RX PCSs              ; 0                                                   ;
; Total HSSI PMA RX Deserializers ; 0                                                   ;
; Total HSSI TX PCSs              ; 0                                                   ;
; Total HSSI PMA TX Serializers   ; 0                                                   ;
; Total PLLs                      ; 0                                                   ;
; Total DLLs                      ; 0                                                   ;
+---------------------------------+-----------------------------------------------------+


+---------------------------------------------------------------------------------------------------------------------------+
; Analysis & Synthesis Settings                                                                                             ;
+---------------------------------------------------------------------------------+--------------------+--------------------+
; Option                                                                          ; Setting            ; Default Value      ;
+---------------------------------------------------------------------------------+--------------------+--------------------+
; Device                                                                          ; 5CSEMA5F31C6       ;                    ;
; Top-level entity name                                                           ; top                ; lab1_ALU           ;
; Family name                                                                     ; Cyclone V          ; Cyclone V          ;
; Use smart compilation                                                           ; Off                ; Off                ;
; Enable parallel Assembler and Timing Analyzer during compilation                ; On                 ; On                 ;
; Enable compact report table                                                     ; Off                ; Off                ;
; Restructure Multiplexers                                                        ; Auto               ; Auto               ;
; MLAB Add Timing Constraints For Mixed-Port Feed-Through Mode Setting Don't Care ; Off                ; Off                ;
; Create Debugging Nodes for IP Cores                                             ; Off                ; Off                ;
; Preserve fewer node names                                                       ; On                 ; On                 ;
; Intel FPGA IP Evaluation Mode                                                   ; Enable             ; Enable             ;
; Verilog Version                                                                 ; Verilog_2001       ; Verilog_2001       ;
; VHDL Version                                                                    ; VHDL_1993          ; VHDL_1993          ;
; State Machine Processing                                                        ; Auto               ; Auto               ;
; Safe State Machine                                                              ; Off                ; Off                ;
; Extract Verilog State Machines                                                  ; On                 ; On                 ;
; Extract VHDL State Machines                                                     ; On                 ; On                 ;
; Ignore Verilog initial constructs                                               ; Off                ; Off                ;
; Iteration limit for constant Verilog loops                                      ; 5000               ; 5000               ;
; Iteration limit for non-constant Verilog loops                                  ; 250                ; 250                ;
; Add Pass-Through Logic to Inferred RAMs                                         ; On                 ; On                 ;
; Infer RAMs from Raw Logic                                                       ; On                 ; On                 ;
; Parallel Synthesis                                                              ; On                 ; On                 ;
; DSP Block Balancing                                                             ; Auto               ; Auto               ;
; NOT Gate Push-Back                                                              ; On                 ; On                 ;
; Power-Up Don't Care                                                             ; On                 ; On                 ;
; Remove Redundant Logic Cells                                                    ; Off                ; Off                ;
; Remove Duplicate Registers                                                      ; On                 ; On                 ;
; Ignore CARRY Buffers                                                            ; Off                ; Off                ;
; Ignore CASCADE Buffers                                                          ; Off                ; Off                ;
; Ignore GLOBAL Buffers                                                           ; Off                ; Off                ;
; Ignore ROW GLOBAL Buffers                                                       ; Off                ; Off                ;
; Ignore LCELL Buffers                                                            ; Off                ; Off                ;
; Ignore SOFT Buffers                                                             ; On                 ; On                 ;
; Limit AHDL Integers to 32 Bits                                                  ; Off                ; Off                ;
; Optimization Technique                                                          ; Balanced           ; Balanced           ;
; Carry Chain Length                                                              ; 70                 ; 70                 ;
; Auto Carry Chains                                                               ; On                 ; On                 ;
; Auto Open-Drain Pins                                                            ; On                 ; On                 ;
; Perform WYSIWYG Primitive Resynthesis                                           ; Off                ; Off                ;
; Auto ROM Replacement                                                            ; On                 ; On                 ;
; Auto RAM Replacement                                                            ; On                 ; On                 ;
; Auto DSP Block Replacement                                                      ; On                 ; On                 ;
; Auto Shift Register Replacement                                                 ; Auto               ; Auto               ;
; Allow Shift Register Merging across Hierarchies                                 ; Auto               ; Auto               ;
; Auto Clock Enable Replacement                                                   ; On                 ; On                 ;
; Strict RAM Replacement                                                          ; Off                ; Off                ;
; Allow Synchronous Control Signals                                               ; On                 ; On                 ;
; Force Use of Synchronous Clear Signals                                          ; Off                ; Off                ;
; Auto Resource Sharing                                                           ; Off                ; Off                ;
; Allow Any RAM Size For Recognition                                              ; Off                ; Off                ;
; Allow Any ROM Size For Recognition                                              ; Off                ; Off                ;
; Allow Any Shift Register Size For Recognition                                   ; Off                ; Off                ;
; Use LogicLock Constraints during Resource Balancing                             ; On                 ; On                 ;
; Ignore translate_off and synthesis_off directives                               ; Off                ; Off                ;
; Timing-Driven Synthesis                                                         ; On                 ; On                 ;
; Report Parameter Settings                                                       ; On                 ; On                 ;
; Report Source Assignments                                                       ; On                 ; On                 ;
; Report Connectivity Checks                                                      ; On                 ; On                 ;
; Ignore Maximum Fan-Out Assignments                                              ; Off                ; Off                ;
; Synchronization Register Chain Length                                           ; 3                  ; 3                  ;
; Power Optimization During Synthesis                                             ; Normal compilation ; Normal compilation ;
; HDL message level                                                               ; Level2             ; Level2             ;
; Suppress Register Optimization Related Messages                                 ; Off                ; Off                ;
; Number of Removed Registers Reported in Synthesis Report                        ; 5000               ; 5000               ;
; Number of Swept Nodes Reported in Synthesis Report                              ; 5000               ; 5000               ;
; Number of Inverted Registers Reported in Synthesis Report                       ; 100                ; 100                ;
; Clock MUX Protection                                                            ; On                 ; On                 ;
; Auto Gated Clock Conversion                                                     ; Off                ; Off                ;
; Block Design Naming                                                             ; Auto               ; Auto               ;
; SDC constraint protection                                                       ; Off                ; Off                ;
; Synthesis Effort                                                                ; Auto               ; Auto               ;
; Shift Register Replacement - Allow Asynchronous Clear Signal                    ; On                 ; On                 ;
; Pre-Mapping Resynthesis Optimization                                            ; Off                ; Off                ;
; Analysis & Synthesis Message Level                                              ; Medium             ; Medium             ;
; Disable Register Merging Across Hierarchies                                     ; Auto               ; Auto               ;
; Resource Aware Inference For Block RAM                                          ; On                 ; On                 ;
; Automatic Parallel Synthesis                                                    ; On                 ; On                 ;
; Partial Reconfiguration Bitstream ID                                            ; Off                ; Off                ;
+---------------------------------------------------------------------------------+--------------------+--------------------+


+------------------------------------------+
; Parallel Compilation                     ;
+----------------------------+-------------+
; Processors                 ; Number      ;
+----------------------------+-------------+
; Number detected on machine ; 24          ;
; Maximum allowed            ; 16          ;
;                            ;             ;
; Average used               ; 1.00        ;
; Maximum used               ; 1           ;
;                            ;             ;
; Usage by Processor         ; % Time Used ;
;     Processor 1            ; 100.0%      ;
+----------------------------+-------------+


+---------------------------------------------------------------------------------------------------------------------------------------------------------------------------------+
; Analysis & Synthesis Source Files Read                                                                                                                                          ;
+----------------------------------+-----------------+------------------------------+-----------------------------------------------------------------------------------+---------+
; File Name with User-Entered Path ; Used in Netlist ; File Type                    ; File Name with Absolute Path                                                      ; Library ;
+----------------------------------+-----------------+------------------------------+-----------------------------------------------------------------------------------+---------+
; ../hdl/params.sv                 ; yes             ; User SystemVerilog HDL File  ; C:/Users/jackn/OneDrive/Desktop/ECE 3710/3710Lab/ECE3710/lab1_ALU/hdl/params.sv   ;         ;
; ../hdl/HexTo7Seg.v               ; yes             ; User Verilog HDL File        ; C:/Users/jackn/OneDrive/Desktop/ECE 3710/3710Lab/ECE3710/lab1_ALU/hdl/HexTo7Seg.v ;         ;
; ../hdl/alu.v                     ; yes             ; User Verilog HDL File        ; C:/Users/jackn/OneDrive/Desktop/ECE 3710/3710Lab/ECE3710/lab1_ALU/hdl/alu.v       ;         ;
; ../hdl/top.v                     ; yes             ; User Verilog HDL File        ; C:/Users/jackn/OneDrive/Desktop/ECE 3710/3710Lab/ECE3710/lab1_ALU/hdl/top.v       ;         ;
+----------------------------------+-----------------+------------------------------+-----------------------------------------------------------------------------------+---------+


+---------------------------------------------------------+
; Analysis & Synthesis Resource Usage Summary             ;
+---------------------------------------------+-----------+
; Resource                                    ; Usage     ;
+---------------------------------------------+-----------+
; Estimate of Logic utilization (ALMs needed) ; 339       ;
;                                             ;           ;
; Combinational ALUT usage for logic          ; 499       ;
;     -- 7 input functions                    ; 22        ;
;     -- 6 input functions                    ; 151       ;
;     -- 5 input functions                    ; 131       ;
;     -- 4 input functions                    ; 108       ;
;     -- <=3 input functions                  ; 87        ;
;                                             ;           ;
; Dedicated logic registers                   ; 40        ;
;                                             ;           ;
; I/O pins                                    ; 57        ;
;                                             ;           ;
; Total DSP Blocks                            ; 0         ;
;                                             ;           ;
; Maximum fan-out node                        ; B_reg[15] ;
; Maximum fan-out                             ; 53        ;
; Total fan-out                               ; 2593      ;
; Average fan-out                             ; 3.97      ;
+---------------------------------------------+-----------+


+----------------------------------------------------------------------------------------------------------------------------------------------------------------------------------------+
; Analysis & Synthesis Resource Utilization by Entity                                                                                                                                    ;
+----------------------------+---------------------+---------------------------+-------------------+------------+------+--------------+---------------------+-------------+--------------+
; Compilation Hierarchy Node ; Combinational ALUTs ; Dedicated Logic Registers ; Block Memory Bits ; DSP Blocks ; Pins ; Virtual Pins ; Full Hierarchy Name ; Entity Name ; Library Name ;
+----------------------------+---------------------+---------------------------+-------------------+------------+------+--------------+---------------------+-------------+--------------+
; |top                       ; 499 (220)           ; 40 (40)                   ; 0                 ; 0          ; 57   ; 0            ; |top                ; top         ; work         ;
;    |HexTo7Seg:H0|          ; 7 (7)               ; 0 (0)                     ; 0                 ; 0          ; 0    ; 0            ; |top|HexTo7Seg:H0   ; HexTo7Seg   ; work         ;
;    |HexTo7Seg:H1|          ; 7 (7)               ; 0 (0)                     ; 0                 ; 0          ; 0    ; 0            ; |top|HexTo7Seg:H1   ; HexTo7Seg   ; work         ;
;    |HexTo7Seg:H2|          ; 7 (7)               ; 0 (0)                     ; 0                 ; 0          ; 0    ; 0            ; |top|HexTo7Seg:H2   ; HexTo7Seg   ; work         ;
;    |HexTo7Seg:H3|          ; 7 (7)               ; 0 (0)                     ; 0                 ; 0          ; 0    ; 0            ; |top|HexTo7Seg:H3   ; HexTo7Seg   ; work         ;
;    |HexTo7Seg:H4|          ; 7 (7)               ; 0 (0)                     ; 0                 ; 0          ; 0    ; 0            ; |top|HexTo7Seg:H4   ; HexTo7Seg   ; work         ;
;    |alu:ALU|               ; 244 (244)           ; 0 (0)                     ; 0                 ; 0          ; 0    ; 0            ; |top|alu:ALU        ; alu         ; work         ;
+----------------------------+---------------------+---------------------------+-------------------+------------+------+--------------+---------------------+-------------+--------------+
Note: For table entries with two numbers listed, the numbers in parentheses indicate the number of resources of the given type used by the specific entity alone. The numbers listed outside of parentheses indicate the total resources of the given type used by the specific entity and all of its sub-entities in the hierarchy.


+------------------------------------------------------+
; General Register Statistics                          ;
+----------------------------------------------+-------+
; Statistic                                    ; Value ;
+----------------------------------------------+-------+
; Total registers                              ; 40    ;
; Number of registers using Synchronous Clear  ; 0     ;
; Number of registers using Synchronous Load   ; 0     ;
; Number of registers using Asynchronous Clear ; 0     ;
; Number of registers using Asynchronous Load  ; 0     ;
; Number of registers using Clock Enable       ; 40    ;
; Number of registers using Preset             ; 0     ;
+----------------------------------------------+-------+


+------------------------------------------------------------------------------------------------------------------------------------------+
; Multiplexer Restructuring Statistics (Restructuring Performed)                                                                           ;
+--------------------+-----------+---------------+----------------------+------------------------+------------+----------------------------+
; Multiplexer Inputs ; Bus Width ; Baseline Area ; Area if Restructured ; Saving if Restructured ; Registered ; Example Multiplexer Output ;
+--------------------+-----------+---------------+----------------------+------------------------+------------+----------------------------+
; 4:1                ; 9 bits    ; 18 LEs        ; 18 LEs               ; 0 LEs                  ; No         ; |top|alu:ALU|ShiftLeft0    ;
; 4:1                ; 11 bits   ; 22 LEs        ; 22 LEs               ; 0 LEs                  ; No         ; |top|alu:ALU|ShiftRight1   ;
; 3:1                ; 4 bits    ; 8 LEs         ; 8 LEs                ; 0 LEs                  ; No         ; |top|alu:ALU|ShiftLeft0    ;
; 3:1                ; 3 bits    ; 6 LEs         ; 6 LEs                ; 0 LEs                  ; No         ; |top|comb                  ;
; 3:1                ; 3 bits    ; 6 LEs         ; 6 LEs                ; 0 LEs                  ; No         ; |top|comb                  ;
; 3:1                ; 3 bits    ; 6 LEs         ; 6 LEs                ; 0 LEs                  ; No         ; |top|comb                  ;
; 3:1                ; 3 bits    ; 6 LEs         ; 6 LEs                ; 0 LEs                  ; No         ; |top|comb                  ;
; 5:1                ; 4 bits    ; 12 LEs        ; 8 LEs                ; 4 LEs                  ; No         ; |top|alu:ALU|ShiftLeft0    ;
; 5:1                ; 4 bits    ; 12 LEs        ; 12 LEs               ; 0 LEs                  ; No         ; |top|alu:ALU|ShiftLeft0    ;
; 4:1                ; 4 bits    ; 8 LEs         ; 8 LEs                ; 0 LEs                  ; No         ; |top|alu:ALU|C             ;
; 4:1                ; 4 bits    ; 8 LEs         ; 8 LEs                ; 0 LEs                  ; No         ; |top|alu:ALU|C             ;
; 5:1                ; 3 bits    ; 9 LEs         ; 9 LEs                ; 0 LEs                  ; No         ; |top|alu:ALU|C             ;
; 5:1                ; 3 bits    ; 9 LEs         ; 6 LEs                ; 3 LEs                  ; No         ; |top|alu:ALU|C             ;
; 6:1                ; 4 bits    ; 16 LEs        ; 16 LEs               ; 0 LEs                  ; No         ; |top|alu:ALU|C             ;
; 6:1                ; 3 bits    ; 12 LEs        ; 12 LEs               ; 0 LEs                  ; No         ; |top|alu:ALU|C             ;
; 6:1                ; 4 bits    ; 16 LEs        ; 12 LEs               ; 4 LEs                  ; No         ; |top|alu:ALU|C             ;
; 6:1                ; 2 bits    ; 8 LEs         ; 8 LEs                ; 0 LEs                  ; No         ; |top|alu:ALU|C             ;
; 8:1                ; 4 bits    ; 20 LEs        ; 20 LEs               ; 0 LEs                  ; No         ; |top|alu:ALU|ShiftLeft0    ;
; 262:1              ; 7 bits    ; 1218 LEs      ; 105 LEs              ; 1113 LEs               ; No         ; |top|Display_Value[11]     ;
; 262:1              ; 7 bits    ; 1218 LEs      ; 105 LEs              ; 1113 LEs               ; No         ; |top|Display_Value[2]      ;
+--------------------+-----------+---------------+----------------------+------------------------+------------+----------------------------+


+----------------------------------------+
; Port Connectivity Checks: "alu:ALU"    ;
+------+-------+----------+--------------+
; Port ; Type  ; Severity ; Details      ;
+------+-------+----------+--------------+
; Cin  ; Input ; Info     ; Stuck at GND ;
+------+-------+----------+--------------+


+-----------------------------------------------------+
; Post-Synthesis Netlist Statistics for Top Partition ;
+-----------------------+-----------------------------+
; Type                  ; Count                       ;
+-----------------------+-----------------------------+
; arriav_ff             ; 40                          ;
;     ENA               ; 40                          ;
; arriav_lcell_comb     ; 510                         ;
;     arith             ; 33                          ;
;         0 data inputs ; 1                           ;
;         1 data inputs ; 16                          ;
;         2 data inputs ; 16                          ;
;     extend            ; 22                          ;
;         7 data inputs ; 22                          ;
;     normal            ; 439                         ;
;         0 data inputs ; 1                           ;
;         1 data inputs ; 10                          ;
;         2 data inputs ; 10                          ;
;         3 data inputs ; 28                          ;
;         4 data inputs ; 108                         ;
;         5 data inputs ; 131                         ;
;         6 data inputs ; 151                         ;
;     shared            ; 16                          ;
;         2 data inputs ; 16                          ;
; boundary_port         ; 57                          ;
;                       ;                             ;
; Max LUT depth         ; 16.40                       ;
; Average LUT depth     ; 13.91                       ;
+-----------------------+-----------------------------+


+-------------------------------+
; Elapsed Time Per Partition    ;
+----------------+--------------+
; Partition Name ; Elapsed Time ;
+----------------+--------------+
; Top            ; 00:00:02     ;
+----------------+--------------+


+-------------------------------+
; Analysis & Synthesis Messages ;
+-------------------------------+
Info: *******************************************************************
Info: Running Quartus Prime Analysis & Synthesis
    Info: Version 25.1std.0 Build 1129 10/21/2025 SC Standard Edition
    Info: Processing started: Fri Sep 11 12:35:18 2026
Info: Command: quartus_map --read_settings_files=on --write_settings_files=off lab1_ALU -c lab1_ALU
Warning (18236): Number of processors has not been specified which may cause overloading on shared machines.  Set the global assignment NUM_PARALLEL_PROCESSORS in your QSF to an appropriate value for best performance.
Info (20030): Parallel compilation is enabled and will use 16 of the 24 processors detected
Info (12021): Found 0 design units, including 0 entities, in source file /users/jackn/onedrive/desktop/ece 3710/3710lab/ece3710/lab1_alu/hdl/params.sv
Info (12021): Found 1 design units, including 1 entities, in source file /users/jackn/onedrive/desktop/ece 3710/3710lab/ece3710/lab1_alu/simulation/tb_hexto7seg.v
    Info (12023): Found entity 1: tb_HexTo7Seg File: C:/Users/jackn/OneDrive/Desktop/ECE 3710/3710Lab/ECE3710/lab1_ALU/simulation/tb_HexTo7Seg.v Line: 14
Info (12021): Found 1 design units, including 1 entities, in source file /users/jackn/onedrive/desktop/ece 3710/3710lab/ece3710/lab1_alu/hdl/hexto7seg.v
    Info (12023): Found entity 1: HexTo7Seg File: C:/Users/jackn/OneDrive/Desktop/ECE 3710/3710Lab/ECE3710/lab1_ALU/hdl/HexTo7Seg.v Line: 5
Info (12021): Found 1 design units, including 1 entities, in source file /users/jackn/onedrive/desktop/ece 3710/3710lab/ece3710/lab1_alu/simulation/alu_tb.v
    Info (12023): Found entity 1: alu_tb File: C:/Users/jackn/OneDrive/Desktop/ECE 3710/3710Lab/ECE3710/lab1_ALU/simulation/alu_tb.v Line: 3
Info (12021): Found 1 design units, including 1 entities, in source file /users/jackn/onedrive/desktop/ece 3710/3710lab/ece3710/lab1_alu/hdl/alu.v
    Info (12023): Found entity 1: alu File: C:/Users/jackn/OneDrive/Desktop/ECE 3710/3710Lab/ECE3710/lab1_ALU/hdl/alu.v Line: 1
Info (12021): Found 1 design units, including 1 entities, in source file /users/jackn/onedrive/desktop/ece 3710/3710lab/ece3710/lab1_alu/hdl/top.v
    Info (12023): Found entity 1: top File: C:/Users/jackn/OneDrive/Desktop/ECE 3710/3710Lab/ECE3710/lab1_ALU/hdl/top.v Line: 1
Info (12127): Elaborating entity "top" for the top level hierarchy
Warning (10036): Verilog HDL or VHDL warning at top.v(167): object "Display_Flags" assigned a value but never read File: C:/Users/jackn/OneDrive/Desktop/ECE 3710/3710Lab/ECE3710/lab1_ALU/hdl/top.v Line: 167
Warning (10230): Verilog HDL assignment warning at top.v(268): truncated value with size 32 to match size of target (4) File: C:/Users/jackn/OneDrive/Desktop/ECE 3710/3710Lab/ECE3710/lab1_ALU/hdl/top.v Line: 268
Warning (10230): Verilog HDL assignment warning at top.v(271): truncated value with size 32 to match size of target (4) File: C:/Users/jackn/OneDrive/Desktop/ECE 3710/3710Lab/ECE3710/lab1_ALU/hdl/top.v Line: 271
Warning (10230): Verilog HDL assignment warning at top.v(274): truncated value with size 32 to match size of target (4) File: C:/Users/jackn/OneDrive/Desktop/ECE 3710/3710Lab/ECE3710/lab1_ALU/hdl/top.v Line: 274
Warning (10230): Verilog HDL assignment warning at top.v(277): truncated value with size 32 to match size of target (4) File: C:/Users/jackn/OneDrive/Desktop/ECE 3710/3710Lab/ECE3710/lab1_ALU/hdl/top.v Line: 277
Info (12128): Elaborating entity "alu" for hierarchy "alu:ALU" File: C:/Users/jackn/OneDrive/Desktop/ECE 3710/3710Lab/ECE3710/lab1_ALU/hdl/top.v Line: 41
Warning (10764): Verilog HDL warning at alu.v(171): converting signed shift amount to unsigned File: C:/Users/jackn/OneDrive/Desktop/ECE 3710/3710Lab/ECE3710/lab1_ALU/hdl/alu.v Line: 171
Warning (10764): Verilog HDL warning at alu.v(184): converting signed shift amount to unsigned File: C:/Users/jackn/OneDrive/Desktop/ECE 3710/3710Lab/ECE3710/lab1_ALU/hdl/alu.v Line: 184
Warning (10764): Verilog HDL warning at alu.v(186): converting signed shift amount to unsigned File: C:/Users/jackn/OneDrive/Desktop/ECE 3710/3710Lab/ECE3710/lab1_ALU/hdl/alu.v Line: 186
Info (12128): Elaborating entity "HexTo7Seg" for hierarchy "HexTo7Seg:H0" File: C:/Users/jackn/OneDrive/Desktop/ECE 3710/3710Lab/ECE3710/lab1_ALU/hdl/top.v Line: 399
Warning (13024): Output pins are stuck at VCC or GND
    Warning (13410): Pin "HEX5[0]" is stuck at GND File: C:/Users/jackn/OneDrive/Desktop/ECE 3710/3710Lab/ECE3710/lab1_ALU/hdl/top.v Line: 12
    Warning (13410): Pin "HEX5[4]" is stuck at GND File: C:/Users/jackn/OneDrive/Desktop/ECE 3710/3710Lab/ECE3710/lab1_ALU/hdl/top.v Line: 12
    Warning (13410): Pin "HEX5[5]" is stuck at GND File: C:/Users/jackn/OneDrive/Desktop/ECE 3710/3710Lab/ECE3710/lab1_ALU/hdl/top.v Line: 12
Info (286030): Timing-Driven Synthesis is running
Info (16010): Generating hard_block partition "hard_block:auto_generated_inst"
    Info (16011): Adding 0 node(s), including 0 DDIO, 0 PLL, 0 transceiver and 0 LCELL
Info (21057): Implemented 596 device resources after synthesis - the final resource count might be different
    Info (21058): Implemented 15 input pins
    Info (21059): Implemented 42 output pins
    Info (21061): Implemented 539 logic cells
Info: Quartus Prime Analysis & Synthesis was successful. 0 errors, 13 warnings
    Info: Peak virtual memory: 4881 megabytes
    Info: Processing ended: Fri Sep 11 12:35:26 2026
    Info: Elapsed time: 00:00:08
    Info: Total CPU time (on all processors): 00:00:14


